2026-04-22 16:21:22,155 INFO o.a.j.u.JMeterUtils: Setting Locale to en_EN
2026-04-22 16:21:22,185 INFO o.a.j.JMeter: Loading user properties from: /home/hikaro/Загрузки/apache-jmeter-5.6.3/bin/user.properties
2026-04-22 16:21:22,186 INFO o.a.j.JMeter: Loading system properties from: /home/hikaro/Загрузки/apache-jmeter-5.6.3/bin/system.properties
2026-04-22 16:21:22,186 INFO o.a.j.JMeter: Setting JMeter property: host=localhost
2026-04-22 16:21:22,186 INFO o.a.j.JMeter: Setting JMeter property: port=8080
2026-04-22 16:21:22,186 INFO o.a.j.JMeter: Setting JMeter property: users=1
2026-04-22 16:21:22,187 INFO o.a.j.JMeter: Setting JMeter property: rampUpSeconds=1
2026-04-22 16:21:22,201 INFO o.a.j.JMeter: Copyright (c) 1998-2024 The Apache Software Foundation
2026-04-22 16:21:22,201 INFO o.a.j.JMeter: Version 5.6.3
2026-04-22 16:21:22,202 INFO o.a.j.JMeter: java.version=25.0.2
2026-04-22 16:21:22,202 INFO o.a.j.JMeter: java.vm.name=OpenJDK 64-Bit Server VM
2026-04-22 16:21:22,202 INFO o.a.j.JMeter: os.name=Linux
2026-04-22 16:21:22,202 INFO o.a.j.JMeter: os.arch=amd64
2026-04-22 16:21:22,202 INFO o.a.j.JMeter: os.version=6.18.16-200.fc43.x86_64
2026-04-22 16:21:22,202 INFO o.a.j.JMeter: file.encoding=UTF-8
2026-04-22 16:21:22,202 INFO o.a.j.JMeter: java.awt.headless=true
2026-04-22 16:21:22,203 INFO o.a.j.JMeter: Max memory     =1073741824
2026-04-22 16:21:22,203 INFO o.a.j.JMeter: Available Processors =16
2026-04-22 16:21:22,236 INFO o.a.j.JMeter: Default Locale=English (EN)
2026-04-22 16:21:22,238 INFO o.a.j.JMeter: JMeter  Locale=English (EN)
2026-04-22 16:21:22,238 INFO o.a.j.JMeter: JMeterHome=/home/hikaro/Загрузки/apache-jmeter-5.6.3
2026-04-22 16:21:22,238 INFO o.a.j.JMeter: user.dir  =/home/hikaro/java/warehouse
2026-04-22 16:21:22,238 INFO o.a.j.JMeter: PWD       =/home/hikaro/java/warehouse
2026-04-22 16:23:22,241 INFO o.a.j.JMeter: IP: 172.17.124.158 Name: fedora FullName: 172.17.124.158
2026-04-22 16:23:22,260 INFO o.a.j.s.FileServer: Default base='/home/hikaro/java/warehouse'
2026-04-22 16:23:22,261 INFO o.a.j.s.FileServer: Set new base='/home/hikaro/java/warehouse/docs/jmeter'
2026-04-22 16:23:22,655 INFO o.a.j.s.SaveService: Testplan (JMX) version: 2.2. Testlog (JTL) version: 2.2
2026-04-22 16:23:22,690 INFO o.a.j.s.SaveService: Using SaveService properties version 5.0
2026-04-22 16:23:22,695 INFO o.a.j.s.SaveService: Using SaveService properties file encoding UTF-8
2026-04-22 16:23:22,701 INFO o.a.j.s.SaveService: Loading file: docs/jmeter/all-endpoints.jmx
2026-04-22 16:23:22,801 INFO o.a.j.p.h.s.HTTPSamplerBase: Parser for text/html is org.apache.jmeter.protocol.http.parser.LagartoBasedHtmlParser
2026-04-22 16:23:22,802 INFO o.a.j.p.h.s.HTTPSamplerBase: Parser for application/xhtml+xml is org.apache.jmeter.protocol.http.parser.LagartoBasedHtmlParser
2026-04-22 16:23:22,802 INFO o.a.j.p.h.s.HTTPSamplerBase: Parser for application/xml is org.apache.jmeter.protocol.http.parser.LagartoBasedHtmlParser
2026-04-22 16:23:22,802 INFO o.a.j.p.h.s.HTTPSamplerBase: Parser for text/xml is org.apache.jmeter.protocol.http.parser.LagartoBasedHtmlParser
2026-04-22 16:23:22,802 INFO o.a.j.p.h.s.HTTPSamplerBase: Parser for text/vnd.wap.wml is org.apache.jmeter.protocol.http.parser.RegexpHTMLParser
2026-04-22 16:23:22,802 INFO o.a.j.p.h.s.HTTPSamplerBase: Parser for text/css is org.apache.jmeter.protocol.http.parser.CssParser
2026-04-22 16:23:22,865 INFO o.a.j.JMeter: Creating summariser <summary>
2026-04-22 16:23:22,888 INFO o.a.j.e.StandardJMeterEngine: Running the test!
2026-04-22 16:23:22,889 INFO o.a.j.s.SampleEvent: List of sample_variables: []
2026-04-22 16:23:22,889 INFO o.a.j.s.SampleEvent: List of sample_variables: []
2026-04-22 16:23:22,898 INFO o.a.j.e.u.CompoundVariable: Note: Function class names must contain the string: '.functions.'
2026-04-22 16:23:22,898 INFO o.a.j.e.u.CompoundVariable: Note: Function class names must not contain the string: '.gui.'
2026-04-22 16:23:23,011 INFO o.a.j.JMeter: Running test (1776864203011)
2026-04-22 16:23:23,053 INFO o.a.j.e.StandardJMeterEngine: Starting ThreadGroup: 1 : Main
2026-04-22 16:23:23,053 INFO o.a.j.e.StandardJMeterEngine: Starting 1 threads for group Main.
2026-04-22 16:23:23,053 INFO o.a.j.e.StandardJMeterEngine: Thread will continue on error
2026-04-22 16:23:23,054 INFO o.a.j.t.ThreadGroup: Starting thread group... number=1 threads=1 ramp-up=1 delayedStart=false
2026-04-22 16:23:23,063 INFO o.a.j.t.ThreadGroup: Started thread group number 1
2026-04-22 16:23:23,063 INFO o.a.j.e.StandardJMeterEngine: All thread groups have been started
2026-04-22 16:23:23,074 INFO o.a.j.t.JMeterThread: Thread started: Main 1-1
2026-04-22 16:23:23,099 INFO o.a.j.p.h.s.HTTPHCAbstractImpl: Local host = fedora
2026-04-22 16:23:23,107 INFO o.a.j.p.h.s.HTTPHC4Impl: HTTP request retry count = 0
2026-04-22 16:23:23,109 INFO o.a.j.s.SampleResult: Note: Sample TimeStamps are START times
2026-04-22 16:23:23,109 INFO o.a.j.s.SampleResult: sampleresult.default.encoding is set to UTF-8
2026-04-22 16:23:23,110 INFO o.a.j.s.SampleResult: sampleresult.useNanoTime=true
2026-04-22 16:23:23,110 INFO o.a.j.s.SampleResult: sampleresult.nanoThreadSleep=5000
2026-04-22 16:23:28,433 INFO o.a.j.t.JMeterThread: Thread is done: Main 1-1
2026-04-22 16:23:28,434 INFO o.a.j.t.JMeterThread: Thread finished: Main 1-1
2026-04-22 16:23:28,436 INFO o.a.j.e.StandardJMeterEngine: Notifying test listeners of end of test
2026-04-22 16:23:28,440 INFO o.a.j.r.Summariser: summary =     41 in 00:00:05 =    7.6/s Avg:    51 Min:     6 Max:   541 Err:     0 (0.00%)
